INFO:     Started server process [16528]
INFO:     Waiting for application startup.
INFO:     Application startup complete.
INFO:     Uvicorn running on http://127.0.0.1:8000 (Press CTRL+C to quit)
Asset summary model loaded locally from: Dinusha-Ekanayake/predictix-asset_summarization_model
Asset summary model warmed up successfully
INFO:     127.0.0.1:4963 - "GET /docs HTTP/1.1" 200 OK
INFO:     127.0.0.1:4964 - "POST /auth/login HTTP/1.1" 200 OK
INFO:     127.0.0.1:4966 - "GET /profiles/me HTTP/1.1" 500 Internal Server Error
ERROR:    Exception in ASGI application
Traceback (most recent call last):
  File "C:\Users\Lenovo LOQ\AppData\Local\Programs\Python\Python310\lib\site-packages\sqlalchemy\engine\base.py", line 1967, in _exec_single_context
    self.dialect.do_execute(
  File "C:\Users\Lenovo LOQ\AppData\Local\Programs\Python\Python310\lib\site-packages\sqlalchemy\engine\default.py", line 952, in do_execute
    cursor.execute(statement, parameters)
  File "C:\Users\Lenovo LOQ\AppData\Local\Programs\Python\Python310\lib\site-packages\psycopg\cursor.py", line 117, in execute
    raise ex.with_traceback(None)
psycopg.errors.UndefinedFunction: operator does not exist: asset_status = character varying
LINE 4: ...E assets.assigned_to = $1::UUID AND assets.status = $2::VARC...
                                                             ^
HINT:  No operator matches the given name and argument types. You might need to add explicit type casts.

The above exception was the direct cause of the following exception:

Traceback (most recent call last):
  File "C:\Users\Lenovo LOQ\AppData\Local\Programs\Python\Python310\lib\site-packages\uvicorn\protocols\http\httptools_impl.py", line 416, in run_asgi
    result = await app(  # type: ignore[func-returns-value]
  File "C:\Users\Lenovo LOQ\AppData\Local\Programs\Python\Python310\lib\site-packages\uvicorn\middleware\proxy_headers.py", line 60, in __call__
    return await self.app(scope, receive, send)
  File "C:\Users\Lenovo LOQ\AppData\Local\Programs\Python\Python310\lib\site-packages\fastapi\applications.py", line 1138, in __call__
    await super().__call__(scope, receive, send)
  File "C:\Users\Lenovo LOQ\AppData\Local\Programs\Python\Python310\lib\site-packages\starlette\applications.py", line 107, in __call__
    await self.middleware_stack(scope, receive, send)
  File "C:\Users\Lenovo LOQ\AppData\Local\Programs\Python\Python310\lib\site-packages\starlette\middleware\errors.py", line 186, in __call__
    raise exc
  File "C:\Users\Lenovo LOQ\AppData\Local\Programs\Python\Python310\lib\site-packages\starlette\middleware\errors.py", line 164, in __call__
    await self.app(scope, receive, _send)
  File "C:\Users\Lenovo LOQ\AppData\Local\Programs\Python\Python310\lib\site-packages\starlette\middleware\cors.py", line 87, in __call__
    await self.app(scope, receive, send)
  File "C:\Users\Lenovo LOQ\AppData\Local\Programs\Python\Python310\lib\site-packages\starlette\middleware\exceptions.py", line 63, in __call__
    await wrap_app_handling_exceptions(self.app, conn)(scope, receive, send)
  File "C:\Users\Lenovo LOQ\AppData\Local\Programs\Python\Python310\lib\site-packages\starlette\_exception_handler.py", line 53, in wrapped_app
    raise exc
  File "C:\Users\Lenovo LOQ\AppData\Local\Programs\Python\Python310\lib\site-packages\starlette\_exception_handler.py", line 42, in wrapped_app
    await app(scope, receive, sender)
  File "C:\Users\Lenovo LOQ\AppData\Local\Programs\Python\Python310\lib\site-packages\fastapi\middleware\asyncexitstack.py", line 18, in __call__
    await self.app(scope, receive, send)
  File "C:\Users\Lenovo LOQ\AppData\Local\Programs\Python\Python310\lib\site-packages\starlette\routing.py", line 716, in __call__
    await self.middleware_stack(scope, receive, send)
  File "C:\Users\Lenovo LOQ\AppData\Local\Programs\Python\Python310\lib\site-packages\starlette\routing.py", line 736, in app
    await route.handle(scope, receive, send)
  File "C:\Users\Lenovo LOQ\AppData\Local\Programs\Python\Python310\lib\site-packages\starlette\routing.py", line 290, in handle
    await self.app(scope, receive, send)
  File "C:\Users\Lenovo LOQ\AppData\Local\Programs\Python\Python310\lib\site-packages\fastapi\routing.py", line 121, in app
    await wrap_app_handling_exceptions(app, request)(scope, receive, send)
  File "C:\Users\Lenovo LOQ\AppData\Local\Programs\Python\Python310\lib\site-packages\starlette\_exception_handler.py", line 53, in wrapped_app
    raise exc
  File "C:\Users\Lenovo LOQ\AppData\Local\Programs\Python\Python310\lib\site-packages\starlette\_exception_handler.py", line 42, in wrapped_app
    await app(scope, receive, sender)
  File "C:\Users\Lenovo LOQ\AppData\Local\Programs\Python\Python310\lib\site-packages\fastapi\routing.py", line 107, in app
    response = await f(request)
  File "C:\Users\Lenovo LOQ\AppData\Local\Programs\Python\Python310\lib\site-packages\fastapi\routing.py", line 426, in app
    raw_response = await run_endpoint_function(
  File "C:\Users\Lenovo LOQ\AppData\Local\Programs\Python\Python310\lib\site-packages\fastapi\routing.py", line 316, in run_endpoint_function
    return await run_in_threadpool(dependant.call, **values)
  File "C:\Users\Lenovo LOQ\AppData\Local\Programs\Python\Python310\lib\site-packages\starlette\concurrency.py", line 32, in run_in_threadpool
    return await anyio.to_thread.run_sync(func)
  File "C:\Users\Lenovo LOQ\AppData\Local\Programs\Python\Python310\lib\site-packages\anyio\to_thread.py", line 63, in run_sync
    return await get_async_backend().run_sync_in_worker_thread(
  File "C:\Users\Lenovo LOQ\AppData\Local\Programs\Python\Python310\lib\site-packages\anyio\_backends\_asyncio.py", line 2502, in run_sync_in_worker_thread
    return await future
  File "C:\Users\Lenovo LOQ\AppData\Local\Programs\Python\Python310\lib\site-packages\anyio\_backends\_asyncio.py", line 986, in run
    result = context.run(func, *args)
  File "D:\Project\sharada-user-section-backend\app\routers\profile.py", line 110, in get_my_profile
    return _profile_to_response(real_user, db)
  File "D:\Project\sharada-user-section-backend\app\routers\profile.py", line 78, in _profile_to_response
    .count()
  File "C:\Users\Lenovo LOQ\AppData\Local\Programs\Python\Python310\lib\site-packages\sqlalchemy\orm\query.py", line 3146, in count
    self._legacy_from_self(col).enable_eagerloads(False).scalar()
  File "C:\Users\Lenovo LOQ\AppData\Local\Programs\Python\Python310\lib\site-packages\sqlalchemy\orm\query.py", line 2835, in scalar
    ret = self.one()
  File "C:\Users\Lenovo LOQ\AppData\Local\Programs\Python\Python310\lib\site-packages\sqlalchemy\orm\query.py", line 2808, in one
    return self._iter().one()  # type: ignore
  File "C:\Users\Lenovo LOQ\AppData\Local\Programs\Python\Python310\lib\site-packages\sqlalchemy\orm\query.py", line 2857, in _iter
    result: Union[ScalarResult[_T], Result[_T]] = self.session.execute(
  File "C:\Users\Lenovo LOQ\AppData\Local\Programs\Python\Python310\lib\site-packages\sqlalchemy\orm\session.py", line 2351, in execute
    return self._execute_internal(
  File "C:\Users\Lenovo LOQ\AppData\Local\Programs\Python\Python310\lib\site-packages\sqlalchemy\orm\session.py", line 2249, in _execute_internal
    result: Result[Any] = compile_state_cls.orm_execute_statement(
  File "C:\Users\Lenovo LOQ\AppData\Local\Programs\Python\Python310\lib\site-packages\sqlalchemy\orm\context.py", line 306, in orm_execute_statement
    result = conn.execute(
  File "C:\Users\Lenovo LOQ\AppData\Local\Programs\Python\Python310\lib\site-packages\sqlalchemy\engine\base.py", line 1419, in execute
    return meth(
  File "C:\Users\Lenovo LOQ\AppData\Local\Programs\Python\Python310\lib\site-packages\sqlalchemy\sql\elements.py", line 527, in _execute_on_connection
    return connection._execute_clauseelement(
  File "C:\Users\Lenovo LOQ\AppData\Local\Programs\Python\Python310\lib\site-packages\sqlalchemy\engine\base.py", line 1641, in _execute_clauseelement
    ret = self._execute_context(
  File "C:\Users\Lenovo LOQ\AppData\Local\Programs\Python\Python310\lib\site-packages\sqlalchemy\engine\base.py", line 1846, in _execute_context
    return self._exec_single_context(
  File "C:\Users\Lenovo LOQ\AppData\Local\Programs\Python\Python310\lib\site-packages\sqlalchemy\engine\base.py", line 1986, in _exec_single_context
    self._handle_dbapi_exception(
  File "C:\Users\Lenovo LOQ\AppData\Local\Programs\Python\Python310\lib\site-packages\sqlalchemy\engine\base.py", line 2363, in _handle_dbapi_exception
    raise sqlalchemy_exception.with_traceback(exc_info[2]) from e
  File "C:\Users\Lenovo LOQ\AppData\Local\Programs\Python\Python310\lib\site-packages\sqlalchemy\engine\base.py", line 1967, in _exec_single_context
    self.dialect.do_execute(
  File "C:\Users\Lenovo LOQ\AppData\Local\Programs\Python\Python310\lib\site-packages\sqlalchemy\engine\default.py", line 952, in do_execute
    cursor.execute(statement, parameters)
  File "C:\Users\Lenovo LOQ\AppData\Local\Programs\Python\Python310\lib\site-packages\psycopg\cursor.py", line 117, in execute
    raise ex.with_traceback(None)
sqlalchemy.exc.ProgrammingError: (psycopg.errors.UndefinedFunction) operator does not exist: asset_status = character varying
LINE 4: ...E assets.assigned_to = $1::UUID AND assets.status = $2::VARC...
                                                             ^
HINT:  No operator matches the given name and argument types. You might need to add explicit type casts.
[SQL: SELECT count(*) AS count_1 
FROM (SELECT assets.id AS assets_id, assets.asset_code AS assets_asset_code, assets.warehouse_id AS assets_warehouse_id, assets.department_id AS assets_department_id, assets.asset_name AS assets_asset_name, assets.asset_type AS assets_asset_type, assets.category AS assets_category, assets.vehicle_type AS assets_vehicle_type, assets.make AS assets_make, assets.model AS assets_model, assets.manufacture_year AS assets_manufacture_year, assets.registration_number AS assets_registration_number, assets.vin AS assets_vin, assets.status AS assets_status, assets.health_band AS assets_health_band, assets.criticality_score AS assets_criticality_score, assets.purchase_date AS assets_purchase_date, assets.warranty_expiry_date AS assets_warranty_expiry_date, assets.assigned_to AS assets_assigned_to, assets.current_mileage AS assets_current_mileage, assets.last_service_date AS assets_last_service_date, assets.next_service_date AS assets_next_service_date, assets.description AS assets_description, assets.fuel_type AS assets_fuel_type, assets.transmission AS assets_transmission, assets.make_model AS assets_make_model, assets.maintenance_priority AS assets_maintenance_priority, assets.service_provider_type AS assets_service_provider_type, assets.metadata AS assets_metadata, assets.created_by AS assets_created_by, assets.vehicle_role AS assets_vehicle_role, assets.payload_capacity_kg AS assets_payload_capacity_kg, assets.vehicle_age_years AS assets_vehicle_age_years, assets.lifetime_service_count AS assets_lifetime_service_count, assets.lifetime_breakdown_count AS assets_lifetime_breakdown_count, assets.created_at AS assets_created_at, assets.updated_at AS assets_updated_at 
FROM assets 
WHERE assets.assigned_to = %(assigned_to_1)s::UUID AND assets.status = %(status_1)s::VARCHAR) AS anon_1]
[parameters: {'assigned_to_1': '1129c685-017a-4d4a-a8cf-7a1d5980a891', 'status_1': 'active'}]
(Background on this error at: https://sqlalche.me/e/20/f405)
INFO:     127.0.0.1:4967 - "GET /profiles/me/stats HTTP/1.1" 500 Internal Server Error
ERROR:    Exception in ASGI application
Traceback (most recent call last):
  File "C:\Users\Lenovo LOQ\AppData\Local\Programs\Python\Python310\lib\site-packages\sqlalchemy\engine\base.py", line 1967, in _exec_single_context
    self.dialect.do_execute(
  File "C:\Users\Lenovo LOQ\AppData\Local\Programs\Python\Python310\lib\site-packages\sqlalchemy\engine\default.py", line 952, in do_execute
    cursor.execute(statement, parameters)
  File "C:\Users\Lenovo LOQ\AppData\Local\Programs\Python\Python310\lib\site-packages\psycopg\cursor.py", line 117, in execute
    raise ex.with_traceback(None)
psycopg.errors.UndefinedFunction: operator does not exist: asset_status = character varying
LINE 4: ...E assets.assigned_to = $1::UUID AND assets.status = $2::VARC...
                                                             ^
HINT:  No operator matches the given name and argument types. You might need to add explicit type casts.

The above exception was the direct cause of the following exception:

Traceback (most recent call last):
  File "C:\Users\Lenovo LOQ\AppData\Local\Programs\Python\Python310\lib\site-packages\uvicorn\protocols\http\httptools_impl.py", line 416, in run_asgi
    result = await app(  # type: ignore[func-returns-value]
  File "C:\Users\Lenovo LOQ\AppData\Local\Programs\Python\Python310\lib\site-packages\uvicorn\middleware\proxy_headers.py", line 60, in __call__
    return await self.app(scope, receive, send)
  File "C:\Users\Lenovo LOQ\AppData\Local\Programs\Python\Python310\lib\site-packages\fastapi\applications.py", line 1138, in __call__
    await super().__call__(scope, receive, send)
  File "C:\Users\Lenovo LOQ\AppData\Local\Programs\Python\Python310\lib\site-packages\starlette\applications.py", line 107, in __call__
    await self.middleware_stack(scope, receive, send)
  File "C:\Users\Lenovo LOQ\AppData\Local\Programs\Python\Python310\lib\site-packages\starlette\middleware\errors.py", line 186, in __call__
    raise exc
  File "C:\Users\Lenovo LOQ\AppData\Local\Programs\Python\Python310\lib\site-packages\starlette\middleware\errors.py", line 164, in __call__
    await self.app(scope, receive, _send)
  File "C:\Users\Lenovo LOQ\AppData\Local\Programs\Python\Python310\lib\site-packages\starlette\middleware\cors.py", line 87, in __call__
    await self.app(scope, receive, send)
  File "C:\Users\Lenovo LOQ\AppData\Local\Programs\Python\Python310\lib\site-packages\starlette\middleware\exceptions.py", line 63, in __call__
    await wrap_app_handling_exceptions(self.app, conn)(scope, receive, send)
  File "C:\Users\Lenovo LOQ\AppData\Local\Programs\Python\Python310\lib\site-packages\starlette\_exception_handler.py", line 53, in wrapped_app
    raise exc
  File "C:\Users\Lenovo LOQ\AppData\Local\Programs\Python\Python310\lib\site-packages\starlette\_exception_handler.py", line 42, in wrapped_app
    await app(scope, receive, sender)
  File "C:\Users\Lenovo LOQ\AppData\Local\Programs\Python\Python310\lib\site-packages\fastapi\middleware\asyncexitstack.py", line 18, in __call__
    await self.app(scope, receive, send)
  File "C:\Users\Lenovo LOQ\AppData\Local\Programs\Python\Python310\lib\site-packages\starlette\routing.py", line 716, in __call__
    await self.middleware_stack(scope, receive, send)
  File "C:\Users\Lenovo LOQ\AppData\Local\Programs\Python\Python310\lib\site-packages\starlette\routing.py", line 736, in app
    await route.handle(scope, receive, send)
  File "C:\Users\Lenovo LOQ\AppData\Local\Programs\Python\Python310\lib\site-packages\starlette\routing.py", line 290, in handle
    await self.app(scope, receive, send)
  File "C:\Users\Lenovo LOQ\AppData\Local\Programs\Python\Python310\lib\site-packages\fastapi\routing.py", line 121, in app
    await wrap_app_handling_exceptions(app, request)(scope, receive, send)
  File "C:\Users\Lenovo LOQ\AppData\Local\Programs\Python\Python310\lib\site-packages\starlette\_exception_handler.py", line 53, in wrapped_app
    raise exc
  File "C:\Users\Lenovo LOQ\AppData\Local\Programs\Python\Python310\lib\site-packages\starlette\_exception_handler.py", line 42, in wrapped_app
    await app(scope, receive, sender)
  File "C:\Users\Lenovo LOQ\AppData\Local\Programs\Python\Python310\lib\site-packages\fastapi\routing.py", line 107, in app
    response = await f(request)
  File "C:\Users\Lenovo LOQ\AppData\Local\Programs\Python\Python310\lib\site-packages\fastapi\routing.py", line 426, in app
    raw_response = await run_endpoint_function(
  File "C:\Users\Lenovo LOQ\AppData\Local\Programs\Python\Python310\lib\site-packages\fastapi\routing.py", line 316, in run_endpoint_function
    return await run_in_threadpool(dependant.call, **values)
  File "C:\Users\Lenovo LOQ\AppData\Local\Programs\Python\Python310\lib\site-packages\starlette\concurrency.py", line 32, in run_in_threadpool
    return await anyio.to_thread.run_sync(func)
  File "C:\Users\Lenovo LOQ\AppData\Local\Programs\Python\Python310\lib\site-packages\anyio\to_thread.py", line 63, in run_sync
    return await get_async_backend().run_sync_in_worker_thread(
  File "C:\Users\Lenovo LOQ\AppData\Local\Programs\Python\Python310\lib\site-packages\anyio\_backends\_asyncio.py", line 2502, in run_sync_in_worker_thread
    return await future
  File "C:\Users\Lenovo LOQ\AppData\Local\Programs\Python\Python310\lib\site-packages\anyio\_backends\_asyncio.py", line 986, in run
    result = context.run(func, *args)
  File "D:\Project\sharada-user-section-backend\app\routers\profile.py", line 247, in get_my_stats
    .count()
  File "C:\Users\Lenovo LOQ\AppData\Local\Programs\Python\Python310\lib\site-packages\sqlalchemy\orm\query.py", line 3146, in count
    self._legacy_from_self(col).enable_eagerloads(False).scalar()
  File "C:\Users\Lenovo LOQ\AppData\Local\Programs\Python\Python310\lib\site-packages\sqlalchemy\orm\query.py", line 2835, in scalar
    ret = self.one()
  File "C:\Users\Lenovo LOQ\AppData\Local\Programs\Python\Python310\lib\site-packages\sqlalchemy\orm\query.py", line 2808, in one
    return self._iter().one()  # type: ignore
  File "C:\Users\Lenovo LOQ\AppData\Local\Programs\Python\Python310\lib\site-packages\sqlalchemy\orm\query.py", line 2857, in _iter
    result: Union[ScalarResult[_T], Result[_T]] = self.session.execute(
  File "C:\Users\Lenovo LOQ\AppData\Local\Programs\Python\Python310\lib\site-packages\sqlalchemy\orm\session.py", line 2351, in execute
    return self._execute_internal(
  File "C:\Users\Lenovo LOQ\AppData\Local\Programs\Python\Python310\lib\site-packages\sqlalchemy\orm\session.py", line 2249, in _execute_internal
    result: Result[Any] = compile_state_cls.orm_execute_statement(
  File "C:\Users\Lenovo LOQ\AppData\Local\Programs\Python\Python310\lib\site-packages\sqlalchemy\orm\context.py", line 306, in orm_execute_statement
    result = conn.execute(
  File "C:\Users\Lenovo LOQ\AppData\Local\Programs\Python\Python310\lib\site-packages\sqlalchemy\engine\base.py", line 1419, in execute
    return meth(
  File "C:\Users\Lenovo LOQ\AppData\Local\Programs\Python\Python310\lib\site-packages\sqlalchemy\sql\elements.py", line 527, in _execute_on_connection
    return connection._execute_clauseelement(
  File "C:\Users\Lenovo LOQ\AppData\Local\Programs\Python\Python310\lib\site-packages\sqlalchemy\engine\base.py", line 1641, in _execute_clauseelement
    ret = self._execute_context(
  File "C:\Users\Lenovo LOQ\AppData\Local\Programs\Python\Python310\lib\site-packages\sqlalchemy\engine\base.py", line 1846, in _execute_context
    return self._exec_single_context(
  File "C:\Users\Lenovo LOQ\AppData\Local\Programs\Python\Python310\lib\site-packages\sqlalchemy\engine\base.py", line 1986, in _exec_single_context
    self._handle_dbapi_exception(
  File "C:\Users\Lenovo LOQ\AppData\Local\Programs\Python\Python310\lib\site-packages\sqlalchemy\engine\base.py", line 2363, in _handle_dbapi_exception
    raise sqlalchemy_exception.with_traceback(exc_info[2]) from e
  File "C:\Users\Lenovo LOQ\AppData\Local\Programs\Python\Python310\lib\site-packages\sqlalchemy\engine\base.py", line 1967, in _exec_single_context
    self.dialect.do_execute(
  File "C:\Users\Lenovo LOQ\AppData\Local\Programs\Python\Python310\lib\site-packages\sqlalchemy\engine\default.py", line 952, in do_execute
    cursor.execute(statement, parameters)
  File "C:\Users\Lenovo LOQ\AppData\Local\Programs\Python\Python310\lib\site-packages\psycopg\cursor.py", line 117, in execute
    raise ex.with_traceback(None)
sqlalchemy.exc.ProgrammingError: (psycopg.errors.UndefinedFunction) operator does not exist: asset_status = character varying
LINE 4: ...E assets.assigned_to = $1::UUID AND assets.status = $2::VARC...
                                                             ^
HINT:  No operator matches the given name and argument types. You might need to add explicit type casts.
[SQL: SELECT count(*) AS count_1 
FROM (SELECT assets.id AS assets_id, assets.asset_code AS assets_asset_code, assets.warehouse_id AS assets_warehouse_id, assets.department_id AS assets_department_id, assets.asset_name AS assets_asset_name, assets.asset_type AS assets_asset_type, assets.category AS assets_category, assets.vehicle_type AS assets_vehicle_type, assets.make AS assets_make, assets.model AS assets_model, assets.manufacture_year AS assets_manufacture_year, assets.registration_number AS assets_registration_number, assets.vin AS assets_vin, assets.status AS assets_status, assets.health_band AS assets_health_band, assets.criticality_score AS assets_criticality_score, assets.purchase_date AS assets_purchase_date, assets.warranty_expiry_date AS assets_warranty_expiry_date, assets.assigned_to AS assets_assigned_to, assets.current_mileage AS assets_current_mileage, assets.last_service_date AS assets_last_service_date, assets.next_service_date AS assets_next_service_date, assets.description AS assets_description, assets.fuel_type AS assets_fuel_type, assets.transmission AS assets_transmission, assets.make_model AS assets_make_model, assets.maintenance_priority AS assets_maintenance_priority, assets.service_provider_type AS assets_service_provider_type, assets.metadata AS assets_metadata, assets.created_by AS assets_created_by, assets.vehicle_role AS assets_vehicle_role, assets.payload_capacity_kg AS assets_payload_capacity_kg, assets.vehicle_age_years AS assets_vehicle_age_years, assets.lifetime_service_count AS assets_lifetime_service_count, assets.lifetime_breakdown_count AS assets_lifetime_breakdown_count, assets.created_at AS assets_created_at, assets.updated_at AS assets_updated_at 
FROM assets 
WHERE assets.assigned_to = %(assigned_to_1)s::UUID AND assets.status = %(status_1)s::VARCHAR) AS anon_1]
[parameters: {'assigned_to_1': '1129c685-017a-4d4a-a8cf-7a1d5980a891', 'status_1': 'active'}]
(Background on this error at: https://sqlalche.me/e/20/f405)
INFO:     127.0.0.1:4968 - "GET /profiles/me/assets HTTP/1.1" 500 Internal Server Error
ERROR:    Exception in ASGI application
Traceback (most recent call last):
  File "C:\Users\Lenovo LOQ\AppData\Local\Programs\Python\Python310\lib\site-packages\sqlalchemy\engine\base.py", line 1967, in _exec_single_context
    self.dialect.do_execute(
  File "C:\Users\Lenovo LOQ\AppData\Local\Programs\Python\Python310\lib\site-packages\sqlalchemy\engine\default.py", line 952, in do_execute
    cursor.execute(statement, parameters)
  File "C:\Users\Lenovo LOQ\AppData\Local\Programs\Python\Python310\lib\site-packages\psycopg\cursor.py", line 117, in execute
    raise ex.with_traceback(None)
psycopg.errors.UndefinedFunction: operator does not exist: asset_status = character varying
LINE 3: ...E assets.assigned_to = $1::UUID AND assets.status = $2::VARC...
                                                             ^
HINT:  No operator matches the given name and argument types. You might need to add explicit type casts.

The above exception was the direct cause of the following exception:

Traceback (most recent call last):
  File "C:\Users\Lenovo LOQ\AppData\Local\Programs\Python\Python310\lib\site-packages\uvicorn\protocols\http\httptools_impl.py", line 416, in run_asgi
    result = await app(  # type: ignore[func-returns-value]
  File "C:\Users\Lenovo LOQ\AppData\Local\Programs\Python\Python310\lib\site-packages\uvicorn\middleware\proxy_headers.py", line 60, in __call__
    return await self.app(scope, receive, send)
  File "C:\Users\Lenovo LOQ\AppData\Local\Programs\Python\Python310\lib\site-packages\fastapi\applications.py", line 1138, in __call__
    await super().__call__(scope, receive, send)
  File "C:\Users\Lenovo LOQ\AppData\Local\Programs\Python\Python310\lib\site-packages\starlette\applications.py", line 107, in __call__
    await self.middleware_stack(scope, receive, send)
  File "C:\Users\Lenovo LOQ\AppData\Local\Programs\Python\Python310\lib\site-packages\starlette\middleware\errors.py", line 186, in __call__
    raise exc
  File "C:\Users\Lenovo LOQ\AppData\Local\Programs\Python\Python310\lib\site-packages\starlette\middleware\errors.py", line 164, in __call__
    await self.app(scope, receive, _send)
  File "C:\Users\Lenovo LOQ\AppData\Local\Programs\Python\Python310\lib\site-packages\starlette\middleware\cors.py", line 87, in __call__
    await self.app(scope, receive, send)
  File "C:\Users\Lenovo LOQ\AppData\Local\Programs\Python\Python310\lib\site-packages\starlette\middleware\exceptions.py", line 63, in __call__
    await wrap_app_handling_exceptions(self.app, conn)(scope, receive, send)
  File "C:\Users\Lenovo LOQ\AppData\Local\Programs\Python\Python310\lib\site-packages\starlette\_exception_handler.py", line 53, in wrapped_app
    raise exc
  File "C:\Users\Lenovo LOQ\AppData\Local\Programs\Python\Python310\lib\site-packages\starlette\_exception_handler.py", line 42, in wrapped_app
    await app(scope, receive, sender)
  File "C:\Users\Lenovo LOQ\AppData\Local\Programs\Python\Python310\lib\site-packages\fastapi\middleware\asyncexitstack.py", line 18, in __call__
    await self.app(scope, receive, send)
  File "C:\Users\Lenovo LOQ\AppData\Local\Programs\Python\Python310\lib\site-packages\starlette\routing.py", line 716, in __call__
    await self.middleware_stack(scope, receive, send)
  File "C:\Users\Lenovo LOQ\AppData\Local\Programs\Python\Python310\lib\site-packages\starlette\routing.py", line 736, in app
    await route.handle(scope, receive, send)
  File "C:\Users\Lenovo LOQ\AppData\Local\Programs\Python\Python310\lib\site-packages\starlette\routing.py", line 290, in handle
    await self.app(scope, receive, send)
  File "C:\Users\Lenovo LOQ\AppData\Local\Programs\Python\Python310\lib\site-packages\fastapi\routing.py", line 121, in app
    await wrap_app_handling_exceptions(app, request)(scope, receive, send)
  File "C:\Users\Lenovo LOQ\AppData\Local\Programs\Python\Python310\lib\site-packages\starlette\_exception_handler.py", line 53, in wrapped_app
    raise exc
  File "C:\Users\Lenovo LOQ\AppData\Local\Programs\Python\Python310\lib\site-packages\starlette\_exception_handler.py", line 42, in wrapped_app
    await app(scope, receive, sender)
  File "C:\Users\Lenovo LOQ\AppData\Local\Programs\Python\Python310\lib\site-packages\fastapi\routing.py", line 107, in app
    response = await f(request)
  File "C:\Users\Lenovo LOQ\AppData\Local\Programs\Python\Python310\lib\site-packages\fastapi\routing.py", line 426, in app
    raw_response = await run_endpoint_function(
  File "C:\Users\Lenovo LOQ\AppData\Local\Programs\Python\Python310\lib\site-packages\fastapi\routing.py", line 316, in run_endpoint_function
    return await run_in_threadpool(dependant.call, **values)
  File "C:\Users\Lenovo LOQ\AppData\Local\Programs\Python\Python310\lib\site-packages\starlette\concurrency.py", line 32, in run_in_threadpool
    return await anyio.to_thread.run_sync(func)
  File "C:\Users\Lenovo LOQ\AppData\Local\Programs\Python\Python310\lib\site-packages\anyio\to_thread.py", line 63, in run_sync
    return await get_async_backend().run_sync_in_worker_thread(
  File "C:\Users\Lenovo LOQ\AppData\Local\Programs\Python\Python310\lib\site-packages\anyio\_backends\_asyncio.py", line 2502, in run_sync_in_worker_thread
    return await future
  File "C:\Users\Lenovo LOQ\AppData\Local\Programs\Python\Python310\lib\site-packages\anyio\_backends\_asyncio.py", line 986, in run
    result = context.run(func, *args)
  File "D:\Project\sharada-user-section-backend\app\routers\profile.py", line 208, in get_my_assets
    .all()
  File "C:\Users\Lenovo LOQ\AppData\Local\Programs\Python\Python310\lib\site-packages\sqlalchemy\orm\query.py", line 2704, in all
    return self._iter().all()  # type: ignore
  File "C:\Users\Lenovo LOQ\AppData\Local\Programs\Python\Python310\lib\site-packages\sqlalchemy\orm\query.py", line 2857, in _iter
    result: Union[ScalarResult[_T], Result[_T]] = self.session.execute(
  File "C:\Users\Lenovo LOQ\AppData\Local\Programs\Python\Python310\lib\site-packages\sqlalchemy\orm\session.py", line 2351, in execute
    return self._execute_internal(
  File "C:\Users\Lenovo LOQ\AppData\Local\Programs\Python\Python310\lib\site-packages\sqlalchemy\orm\session.py", line 2249, in _execute_internal
    result: Result[Any] = compile_state_cls.orm_execute_statement(
  File "C:\Users\Lenovo LOQ\AppData\Local\Programs\Python\Python310\lib\site-packages\sqlalchemy\orm\context.py", line 306, in orm_execute_statement
    result = conn.execute(
  File "C:\Users\Lenovo LOQ\AppData\Local\Programs\Python\Python310\lib\site-packages\sqlalchemy\engine\base.py", line 1419, in execute
    return meth(
  File "C:\Users\Lenovo LOQ\AppData\Local\Programs\Python\Python310\lib\site-packages\sqlalchemy\sql\elements.py", line 527, in _execute_on_connection
    return connection._execute_clauseelement(
  File "C:\Users\Lenovo LOQ\AppData\Local\Programs\Python\Python310\lib\site-packages\sqlalchemy\engine\base.py", line 1641, in _execute_clauseelement
    ret = self._execute_context(
  File "C:\Users\Lenovo LOQ\AppData\Local\Programs\Python\Python310\lib\site-packages\sqlalchemy\engine\base.py", line 1846, in _execute_context
    return self._exec_single_context(
  File "C:\Users\Lenovo LOQ\AppData\Local\Programs\Python\Python310\lib\site-packages\sqlalchemy\engine\base.py", line 1986, in _exec_single_context
    self._handle_dbapi_exception(
  File "C:\Users\Lenovo LOQ\AppData\Local\Programs\Python\Python310\lib\site-packages\sqlalchemy\engine\base.py", line 2363, in _handle_dbapi_exception
    raise sqlalchemy_exception.with_traceback(exc_info[2]) from e
  File "C:\Users\Lenovo LOQ\AppData\Local\Programs\Python\Python310\lib\site-packages\sqlalchemy\engine\base.py", line 1967, in _exec_single_context
    self.dialect.do_execute(
  File "C:\Users\Lenovo LOQ\AppData\Local\Programs\Python\Python310\lib\site-packages\sqlalchemy\engine\default.py", line 952, in do_execute
    cursor.execute(statement, parameters)
  File "C:\Users\Lenovo LOQ\AppData\Local\Programs\Python\Python310\lib\site-packages\psycopg\cursor.py", line 117, in execute
    raise ex.with_traceback(None)
sqlalchemy.exc.ProgrammingError: (psycopg.errors.UndefinedFunction) operator does not exist: asset_status = character varying
LINE 3: ...E assets.assigned_to = $1::UUID AND assets.status = $2::VARC...
                                                             ^
HINT:  No operator matches the given name and argument types. You might need to add explicit type casts.
[SQL: SELECT assets.id AS assets_id, assets.asset_code AS assets_asset_code, assets.warehouse_id AS assets_warehouse_id, assets.department_id AS assets_department_id, assets.asset_name AS assets_asset_name, assets.asset_type AS assets_asset_type, assets.category AS assets_category, assets.vehicle_type AS assets_vehicle_type, assets.make AS assets_make, assets.model AS assets_model, assets.manufacture_year AS assets_manufacture_year, assets.registration_number AS assets_registration_number, assets.vin AS assets_vin, assets.status AS assets_status, assets.health_band AS assets_health_band, assets.criticality_score AS assets_criticality_score, assets.purchase_date AS assets_purchase_date, assets.warranty_expiry_date AS assets_warranty_expiry_date, assets.assigned_to AS assets_assigned_to, assets.current_mileage AS assets_current_mileage, assets.last_service_date AS assets_last_service_date, assets.next_service_date AS assets_next_service_date, assets.description AS assets_description, assets.fuel_type AS assets_fuel_type, assets.transmission AS assets_transmission, assets.make_model AS assets_make_model, assets.maintenance_priority AS assets_maintenance_priority, assets.service_provider_type AS assets_service_provider_type, assets.metadata AS assets_metadata, assets.created_by AS assets_created_by, assets.vehicle_role AS assets_vehicle_role, assets.payload_capacity_kg AS assets_payload_capacity_kg, assets.vehicle_age_years AS assets_vehicle_age_years, assets.lifetime_service_count AS assets_lifetime_service_count, assets.lifetime_breakdown_count AS assets_lifetime_breakdown_count, assets.created_at AS assets_created_at, assets.updated_at AS assets_updated_at 
FROM assets 
WHERE assets.assigned_to = %(assigned_to_1)s::UUID AND assets.status = %(status_1)s::VARCHAR]
[parameters: {'assigned_to_1': '1129c685-017a-4d4a-a8cf-7a1d5980a891', 'status_1': 'active'}]
(Background on this error at: https://sqlalche.me/e/20/f405)
